../Core/Src/stm32f4xx_it.c:81:6:NMI_Handler	4	static
../Core/Src/stm32f4xx_it.c:96:6:HardFault_Handler	4	static
../Core/Src/stm32f4xx_it.c:111:6:MemManage_Handler	4	static
../Core/Src/stm32f4xx_it.c:126:6:BusFault_Handler	4	static
../Core/Src/stm32f4xx_it.c:141:6:UsageFault_Handler	4	static
../Core/Src/stm32f4xx_it.c:156:6:SVC_Handler	4	static
../Core/Src/stm32f4xx_it.c:169:6:DebugMon_Handler	4	static
../Core/Src/stm32f4xx_it.c:182:6:PendSV_Handler	4	static
../Core/Src/stm32f4xx_it.c:195:6:SysTick_Handler	8	static
../Core/Src/stm32f4xx_it.c:216:6:DMA1_Stream0_IRQHandler	8	static
../Core/Src/stm32f4xx_it.c:230:6:DMA1_Stream2_IRQHandler	8	static
../Core/Src/stm32f4xx_it.c:244:6:DMA1_Stream4_IRQHandler	8	static
../Core/Src/stm32f4xx_it.c:258:6:ADC_IRQHandler	8	static
../Core/Src/stm32f4xx_it.c:273:6:USART1_IRQHandler	8	static
../Core/Src/stm32f4xx_it.c:287:6:DMA1_Stream7_IRQHandler	8	static
../Core/Src/stm32f4xx_it.c:301:6:UART4_IRQHandler	8	static
../Core/Src/stm32f4xx_it.c:315:6:UART5_IRQHandler	8	static
../Core/Src/stm32f4xx_it.c:329:6:DMA2_Stream0_IRQHandler	8	static
../Core/Src/stm32f4xx_it.c:343:6:DMA2_Stream2_IRQHandler	8	static
../Core/Src/stm32f4xx_it.c:357:6:DMA2_Stream3_IRQHandler	8	static
../Core/Src/stm32f4xx_it.c:371:6:DMA2_Stream7_IRQHandler	8	static
